== pinning
--------------------------------------------------------
  SCORE (throughput) : 800.2839 M/s        ← primary (from verified hits)
  SCORE (hit-rate)   : 95.401269 hits/s
  RESULT: PASS ✅ (scored)
========================================================
{
  "score": 800283933.0,
  "metrics": {
    "bench": "pinning",
    "unit": "verified candidates per second",
    "direction": "higher is better",
    "throughput_Mps": 800.283933,
    "hits_per_s": 95.401269,
    "leading_zero_bits": 24,
    "mode": "fixed_time",
    "candidates": 72259469312,
    "candidates_self_reported": 79193930471,
    "elapsed_s": 90.2923,
    "verified_hits": 8614,
    "hit_relative_variance": 0.010775,
    "problem_seed": 0,
    "gpu": "RTX_4090",
    "verified": true
  }
}

== subset
--------------------------------------------------------
  SCORE (throughput) : 678.4004 M/s        ← primary (from verified hits)
  SCORE (hit-rate)   : 80.871665 hits/s
  RESULT: PASS ✅ (scored)
========================================================
{
  "score": 678400419.0,
  "metrics": {
    "bench": "subset",
    "unit": "verified candidates per second",
    "direction": "higher is better",
    "throughput_Mps": 678.400419,
    "hits_per_s": 80.871665,
    "leading_zero_bits": 24,
    "mode": "fixed_time",
    "candidates": 61278781440,
    "candidates_self_reported": 64938841911,
    "elapsed_s": 90.3283,
    "verified_hits": 7305,
    "hit_relative_variance": 0.0117,
    "problem_seed": 0,
    "gpu": "RTX_4090",
    "verified": true
  }
}

